// Jest Snapshot v1, https://goo.gl/fbAQLP

exports[`Pruebas en GiftExpertApp Se debe mostrar correctamente 1`] = `
<Fragment>
  <h2>
    GiftExpertApp
  </h2>
  <AddCategory
    setCategories={[Function]}
  />
  <hr />
  <ol />
</Fragment>
`;

exports[`Pruebas en GiftExpertApp Se debe mostrar una lista de caterog√≠as 1`] = `
<Fragment>
  <h2>
    GiftExpertApp
  </h2>
  <AddCategory
    setCategories={[Function]}
  />
  <hr />
  <ol>
    <GifGrid
      category="One Punch"
      key="One Punch"
    />
    <GifGrid
      category="Dragon Ball"
      key="Dragon Ball"
    />
  </ol>
</Fragment>
`;
